// Jest Snapshot v1, https://goo.gl/fbAQLP

exports[`MyProfile tests should render 1`] = `
Object {
  "asFragment": [Function],
  "baseElement": <body>
    <div>
      <main
        class="profile-main"
      >
        <div
          class="missions-rockets-names"
        >
          <div
            class="profile-item"
          >
            <h2
              class="reservation-title"
            >
              My Missions
            </h2>
            <div
              class="user-reservations-container"
            >
              <p
                class="no-reserved"
              >
                No Joined Missions
              </p>
            </div>
            <div />
          </div>
          <div
            class="profile-item"
          >
            <h2
              class="reservation-title"
            >
              My Rockets
            </h2>
            <div
              class="user-reservations-container"
            >
              <p
                class="no-reserved"
              >
                No Reserved Rockets
              </p>
            </div>
          </div>
        </div>
      </main>
      ,
    </div>
  </body>,
  "container": <div>
    <main
      class="profile-main"
    >
      <div
        class="missions-rockets-names"
      >
        <div
          class="profile-item"
        >
          <h2
            class="reservation-title"
          >
            My Missions
          </h2>
          <div
            class="user-reservations-container"
          >
            <p
              class="no-reserved"
            >
              No Joined Missions
            </p>
          </div>
          <div />
        </div>
        <div
          class="profile-item"
        >
          <h2
            class="reservation-title"
          >
            My Rockets
          </h2>
          <div
            class="user-reservations-container"
          >
            <p
              class="no-reserved"
            >
              No Reserved Rockets
            </p>
          </div>
        </div>
      </div>
    </main>
    ,
  </div>,
  "debug": [Function],
  "findAllByAltText": [Function],
  "findAllByDisplayValue": [Function],
  "findAllByLabelText": [Function],
  "findAllByPlaceholderText": [Function],
  "findAllByRole": [Function],
  "findAllByTestId": [Function],
  "findAllByText": [Function],
  "findAllByTitle": [Function],
  "findByAltText": [Function],
  "findByDisplayValue": [Function],
  "findByLabelText": [Function],
  "findByPlaceholderText": [Function],
  "findByRole": [Function],
  "findByTestId": [Function],
  "findByText": [Function],
  "findByTitle": [Function],
  "getAllByAltText": [Function],
  "getAllByDisplayValue": [Function],
  "getAllByLabelText": [Function],
  "getAllByPlaceholderText": [Function],
  "getAllByRole": [Function],
  "getAllByTestId": [Function],
  "getAllByText": [Function],
  "getAllByTitle": [Function],
  "getByAltText": [Function],
  "getByDisplayValue": [Function],
  "getByLabelText": [Function],
  "getByPlaceholderText": [Function],
  "getByRole": [Function],
  "getByTestId": [Function],
  "getByText": [Function],
  "getByTitle": [Function],
  "queryAllByAltText": [Function],
  "queryAllByDisplayValue": [Function],
  "queryAllByLabelText": [Function],
  "queryAllByPlaceholderText": [Function],
  "queryAllByRole": [Function],
  "queryAllByTestId": [Function],
  "queryAllByText": [Function],
  "queryAllByTitle": [Function],
  "queryByAltText": [Function],
  "queryByDisplayValue": [Function],
  "queryByLabelText": [Function],
  "queryByPlaceholderText": [Function],
  "queryByRole": [Function],
  "queryByTestId": [Function],
  "queryByText": [Function],
  "queryByTitle": [Function],
  "rerender": [Function],
  "unmount": [Function],
}
`;
